 Entering Gaussian System, Link 0=g16
 Initial command:
 /software/gaussian/g16-c01/avx2/g16/l1.exe "/gpfs/fs2/scratch/bweight/software/many_molecule_many_mode_NAMD/src/WFN_OVERLAP/TEST/TD_OLD_S1/Gau-63257.inp" -scrdir="/gpfs/fs2/scratch/bweight/software/many_molecule_many_mode_NAMD/src/WFN_OVERLAP/TEST/TD_OLD_S1/"
 Entering Link 1 = /software/gaussian/g16-c01/avx2/g16/l1.exe PID=     63259.
  
 Copyright (c) 1988-2019, Gaussian, Inc.  All Rights Reserved.
  
 This is part of the Gaussian(R) 16 program.  It is based on
 the Gaussian(R) 09 system (copyright 2009, Gaussian, Inc.),
 the Gaussian(R) 03 system (copyright 2003, Gaussian, Inc.),
 the Gaussian(R) 98 system (copyright 1998, Gaussian, Inc.),
 the Gaussian(R) 94 system (copyright 1995, Gaussian, Inc.),
 the Gaussian 92(TM) system (copyright 1992, Gaussian, Inc.),
 the Gaussian 90(TM) system (copyright 1990, Gaussian, Inc.),
 the Gaussian 88(TM) system (copyright 1988, Gaussian, Inc.),
 the Gaussian 86(TM) system (copyright 1986, Carnegie Mellon
 University), and the Gaussian 82(TM) system (copyright 1983,
 Carnegie Mellon University). Gaussian is a federally registered
 trademark of Gaussian, Inc.
  
 This software contains proprietary and confidential information,
 including trade secrets, belonging to Gaussian, Inc.
  
 This software is provided under written license and may be
 used, copied, transmitted, or stored only in accord with that
 written license.
  
 The following legend is applicable only to US Government
 contracts under FAR:
  
                    RESTRICTED RIGHTS LEGEND
  
 Use, reproduction and disclosure by the US Government is
 subject to restrictions as set forth in subparagraphs (a)
 and (c) of the Commercial Computer Software - Restricted
 Rights clause in FAR 52.227-19.
  
 Gaussian, Inc.
 340 Quinnipiac St., Bldg. 40, Wallingford CT 06492
  
  
 ---------------------------------------------------------------
 Warning -- This program may not be used in any manner that
 competes with the business of Gaussian, Inc. or will provide
 assistance to any competitor of Gaussian, Inc.  The licensee
 of this program is prohibited from giving any competitor of
 Gaussian, Inc. access to this program.  By using this program,
 the user acknowledges that Gaussian, Inc. is engaged in the
 business of creating and licensing software in the field of
 computational chemistry and represents and warrants to the
 licensee that it is not a competitor of Gaussian, Inc. and that
 it will not use this program in any manner prohibited above.
 ---------------------------------------------------------------
  

 Cite this work as:
 Gaussian 16, Revision C.01,
 M. J. Frisch, G. W. Trucks, H. B. Schlegel, G. E. Scuseria, 
 M. A. Robb, J. R. Cheeseman, G. Scalmani, V. Barone, 
 G. A. Petersson, H. Nakatsuji, X. Li, M. Caricato, A. V. Marenich, 
 J. Bloino, B. G. Janesko, R. Gomperts, B. Mennucci, H. P. Hratchian, 
 J. V. Ortiz, A. F. Izmaylov, J. L. Sonnenberg, D. Williams-Young, 
 F. Ding, F. Lipparini, F. Egidi, J. Goings, B. Peng, A. Petrone, 
 T. Henderson, D. Ranasinghe, V. G. Zakrzewski, J. Gao, N. Rega, 
 G. Zheng, W. Liang, M. Hada, M. Ehara, K. Toyota, R. Fukuda, 
 J. Hasegawa, M. Ishida, T. Nakajima, Y. Honda, O. Kitao, H. Nakai, 
 T. Vreven, K. Throssell, J. A. Montgomery, Jr., J. E. Peralta, 
 F. Ogliaro, M. J. Bearpark, J. J. Heyd, E. N. Brothers, K. N. Kudin, 
 V. N. Staroverov, T. A. Keith, R. Kobayashi, J. Normand, 
 K. Raghavachari, A. P. Rendell, J. C. Burant, S. S. Iyengar, 
 J. Tomasi, M. Cossi, J. M. Millam, M. Klene, C. Adamo, R. Cammi, 
 J. W. Ochterski, R. L. Martin, K. Morokuma, O. Farkas, 
 J. B. Foresman, and D. J. Fox, Gaussian, Inc., Wallingford CT, 2019.
 
 ******************************************
 Gaussian 16:  ES64L-G16RevC.01  3-Jul-2019
                 7-Jan-2023 
 ******************************************
 %oldchk=../GS_NEW/geometry.chk
 %chk=geometry.chk
 %rwf=geometry.rwf
 %nprocshared=1
 Will use up to    1 processors via shared memory.
 %mem=5GB
 Copying data from "../GS_NEW/geometry.chk" to current chk file "geometry.chk"
 IOpt=  2 FromEx=T IUOpen= 4 IOptOp= 5 NList=   0 IFRang= 0 IUIn= 4 IUOut= 2.
 ----------------------------------------------------------------------
 # WB97XD/STO-3G SCF=XQC TD=(singlets,nstates=2,root=1) FORCE nosym pop
 =full guess=read
 ----------------------------------------------------------------------
 1/10=7,30=1,38=1/1,3;
 2/12=2,15=1,17=6,18=5,40=1/2;
 3/6=3,11=9,25=1,30=1,71=1,74=-58,116=-2/1,2,3,8;
 4/5=1/1;
 5/5=2,8=3,13=1,38=6/2,8;
 8/6=1,10=1,107=1,108=2/1;
 9/8=1,15=2,41=2,42=1,48=1,70=2/14;
 10/5=4,28=1,31=1/2;
 6/7=3,18=1/1;
 7/12=6,13=5,14=1,29=1,30=1/1,2,3,16;
 1/10=7,30=1/3;
 99//99;
 -----------
 MD Step 999
 -----------
 Symbolic Z-matrix:
 Charge =  0 Multiplicity = 1
 C                     2.72954   1.87134   2.07946 
 H                    -1.05561  -1.02063   2.50033 
 H                    -1.04327  -0.67904   1.5251 
 C                     1.53942   3.05223   2.06008 
 H                     1.75351   3.2302    3.16006 
 H                     1.57092   3.70494   1.23458 
 

 GradGradGradGradGradGradGradGradGradGradGradGradGradGradGradGradGradGrad
 Berny optimization.
 Initialization pass.
 Trust Radius=3.00D-01 FncErr=1.00D-07 GrdErr=1.00D-07 EigMax=2.50D+02 EigMin=1.00D-04
 Number of steps in this run=      2 maximum allowed number of steps=      2.
 GradGradGradGradGradGradGradGradGradGradGradGradGradGradGradGradGradGrad

                          Input orientation:                          
 ---------------------------------------------------------------------
 Center     Atomic      Atomic             Coordinates (Angstroms)
 Number     Number       Type             X           Y           Z
 ---------------------------------------------------------------------
      1          6           0        2.729538    1.871343    2.079458
      2          1           0       -1.055606   -1.020629    2.500325
      3          1           0       -1.043272   -0.679038    1.525102
      4          6           0        1.539424    3.052234    2.060079
      5          1           0        1.753508    3.230199    3.160056
      6          1           0        1.570919    3.704944    1.234581
 ---------------------------------------------------------------------
                    Distance matrix (angstroms):
                    1          2          3          4          5
     1  C    0.000000
     2  H    4.782045   0.000000
     3  H    4.587576   1.033391   0.000000
     4  C    1.676679   4.849351   4.569344   0.000000
     5  H    1.991686   5.137695   5.077124   1.134659   0.000000
     6  H    2.327726   5.552638   5.112504   1.052839   1.991525
                    6
     6  H    0.000000
 Symmetry turned off by external request.
 Stoichiometry    C2H4
 Framework group  C1[X(C2H4)]
 Deg. of freedom    12
 Full point group                 C1      NOp   1
 Rotational constants (GHZ):          23.7914577          11.7833068           8.5091351
 Standard basis: STO-3G (5D, 7F)
    14 basis functions,    42 primitive gaussians,    14 cartesian basis functions
     8 alpha electrons        8 beta electrons
       nuclear repulsion energy        24.0236073700 Hartrees.
 NAtoms=    6 NActive=    6 NUniq=    6 SFac= 1.00D+00 NAtFMM=   60 NAOKFM=F Big=F
 Integral buffers will be    131072 words long.
 Raffenetti 1 integral format.
 Two-electron integral symmetry is turned off.
 Nuclear repulsion after empirical dispersion term =       24.0232606324 Hartrees.
 One-electron integrals computed using PRISM.
 NBasis=    14 RedAO= T EigKep=  2.73D-01  NBF=    14
 NBsUse=    14 1.00D-06 EigRej= -1.00D+00 NBFU=    14
 Initial guess from the checkpoint file:  "geometry.chk"
 B after Tr=     0.008716   -0.010784   -0.006586
         Rot=    1.000000    0.000197    0.000417   -0.000365 Ang=   0.07 deg.
 Keep R1 ints in memory in canonical form, NReq=876001.
 Requested convergence on RMS density matrix=1.00D-08 within  32 cycles.
 Requested convergence on MAX density matrix=1.00D-06.
 Requested convergence on             energy=1.00D-06.
 No special actions if energy rises.
 SCF Done:  E(RwB97XD) =  -77.2623339607     A.U. after   13 cycles
            NFock= 13  Conv=0.41D-08     -V/T= 2.0043
 QCSCF skips out because SCF is already converged.
 DoSCS=F DFT=T ScalE2(SS,OS)=  1.000000  1.000000
 ExpMin= 1.69D-01 ExpMax= 7.16D+01 ExpMxC= 7.16D+01 IAcc=3 IRadAn=         5 AccDes= 0.00D+00
 HarFok:  IExCor=  205 AccDes= 0.00D+00 IRadAn=         5 IDoV=-2 UseB2=F ITyADJ=14
 ICtDFT= 12500011 ScaDFX=  1.000000  1.000000  1.000000  1.000000
 Range of M.O.s used for correlation:     3    14
 NBasis=    14 NAE=     8 NBE=     8 NFC=     2 NFV=     0
 NROrb=     12 NOA=     6 NOB=     6 NVA=     6 NVB=     6
 Keep R1, R2, and R3 ints in memory in canonical form, NReq=915104.
     8 initial guesses have been made.
 Convergence on wavefunction:    0.000001000000000
 Iteration     1 Dimension     8 NMult     0 NNew      8
 CISAX will form     8 AO SS matrices at one time.
 New state      2 was old state      3
 Iteration     2 Dimension    12 NMult     8 NNew      4
 Iteration     3 Dimension    16 NMult    12 NNew      4
 Iteration     4 Dimension    20 NMult    16 NNew      4
 Iteration     5 Dimension    24 NMult    20 NNew      4
 Iteration     6 Dimension    28 NMult    24 NNew      4
 Iteration     7 Dimension    31 NMult    28 NNew      3
 ***********************************************************************
 Excited states from <AA,BB:AA,BB> singles matrix:
 ***********************************************************************
 
 Ground to excited state transition densities written to RWF  633
 Ground to excited state transition electric dipole moments (Au):
       state          X           Y           Z        Dip. S.      Osc.
         1         0.0261     -0.0146      0.0533      0.0037      0.0002
         2         0.0493      0.0197     -0.1642      0.0298      0.0026
 Ground to excited state transition velocity dipole moments (Au):
       state          X           Y           Z        Dip. S.      Osc.
         1         0.0082      0.0064     -0.0314      0.0011      0.0096
         2        -0.0244      0.0115      0.1194      0.0150      0.0765
 Ground to excited state transition magnetic dipole moments (Au):
       state          X           Y           Z
         1         0.8038      0.0874      0.0346
         2        -0.3523     -1.7242     -0.0581
 Ground to excited state transition velocity quadrupole moments (Au):
       state          XX          YY          ZZ          XY          XZ          YZ
         1         0.0738      0.0711     -0.2455      0.0542     -0.1376     -0.0790
         2        -0.2226      0.1288      0.9468     -0.0637      0.5062      0.4798
 <0|del|b> * <b|rxdel|0> + <0|del|b> * <b|delr+rdel|0>
 Rotatory Strengths (R) in cgs (10**-40 erg-esu-cm/Gauss)
       state          XX          YY          ZZ    R(velocity)    E-M Angle
         1        -6.3122     30.3335     31.9707     18.6640       76.98
         2      -109.0647     -6.6193     16.8791    -32.9349       94.86
 1/2[<0|r|b>*<b|rxdel|0> + (<0|rxdel|b>*<b|r|0>)*]
 Rotatory Strengths (R) in cgs (10**-40 erg-esu-cm/Gauss)
       state          XX          YY          ZZ     R(length)
         1       -14.8610      0.9029     -1.3042     -5.0874
         2        12.2943     24.0006     -6.7501      9.8482
  1/2[<0|del|b>*<b|r|0> + (<0|r|b>*<b|del|0>)*] (Au)
       state          X           Y           Z        Dip. S.   Osc.(frdel)
         1         0.0002     -0.0001     -0.0017      0.0016      0.0010
         2        -0.0012      0.0002     -0.0196      0.0206      0.0137

 Excitation energies and oscillator strengths:
 
 Excited state symmetry could not be determined.
 Excited State   1:      Singlet-?Sym    2.0716 eV  598.49 nm  f=0.0002  <S**2>=0.000
       8 ->  9         0.70348
 This state for optimization and/or second-order correction.
 Total Energy, E(TD-HF/TD-DFT) =  -77.1862031586    
 Copying the excited state density for this state as the 1-particle RhoCI density.
 
 Excited state symmetry could not be determined.
 Excited State   2:      Singlet-?Sym    3.5524 eV  349.01 nm  f=0.0026  <S**2>=0.000
       7 ->  9         0.70833
 SavETr:  write IOETrn=   770 NScale= 10 NData=  16 NLR=1 NState=    2 LETran=      46.
          IDoAtm=111111
          Differentiating once with respect to electric field.
                with respect to dipole field.
          Differentiating once with respect to nuclear coordinates.
 Keep R1 ints in memory in canonical form, NReq=879737.
          There are     1 degrees of freedom in the 1st order CPHF.  IDoFFX=0 NUNeed=     1.
 LinEq1:  Iter=  0 NonCon=     1 RMS=2.60D-01 Max=1.51D+00 NDo=     1
 AX will form     1 AO Fock derivatives at one time.
 LinEq1:  Iter=  1 NonCon=     1 RMS=3.18D-02 Max=1.09D-01 NDo=     1
 LinEq1:  Iter=  2 NonCon=     1 RMS=6.32D-03 Max=2.06D-02 NDo=     1
 LinEq1:  Iter=  3 NonCon=     1 RMS=1.94D-03 Max=8.44D-03 NDo=     1
 LinEq1:  Iter=  4 NonCon=     1 RMS=4.36D-04 Max=1.56D-03 NDo=     1
 LinEq1:  Iter=  5 NonCon=     1 RMS=8.51D-05 Max=2.99D-04 NDo=     1
 LinEq1:  Iter=  6 NonCon=     1 RMS=2.14D-05 Max=9.90D-05 NDo=     1
 LinEq1:  Iter=  7 NonCon=     1 RMS=5.81D-06 Max=2.16D-05 NDo=     1
 LinEq1:  Iter=  8 NonCon=     1 RMS=1.37D-06 Max=3.73D-06 NDo=     1
 LinEq1:  Iter=  9 NonCon=     1 RMS=2.08D-07 Max=6.85D-07 NDo=     1
 LinEq1:  Iter= 10 NonCon=     1 RMS=4.66D-08 Max=1.57D-07 NDo=     1
 LinEq1:  Iter= 11 NonCon=     1 RMS=6.08D-09 Max=1.70D-08 NDo=     1
 LinEq1:  Iter= 12 NonCon=     1 RMS=5.08D-10 Max=1.91D-09 NDo=     1
 LinEq1:  Iter= 13 NonCon=     0 RMS=5.45D-11 Max=2.07D-10 NDo=     1
 Linear equations converged to 1.000D-10 1.000D-09 after    13 iterations.
 End of Minotr F.D. properties file   721 does not exist.
 End of Minotr F.D. properties file   722 does not exist.
 End of Minotr F.D. properties file   788 does not exist.

 **********************************************************************

            Population analysis using the SCF Density.

 **********************************************************************

 Alpha  occ. eigenvalues --  -10.09006 -10.06236  -0.74881  -0.54565  -0.47137
 Alpha  occ. eigenvalues --   -0.41292  -0.28076  -0.22753
 Alpha virt. eigenvalues --    0.08480   0.11670   0.30871   0.40034   0.47311
 Alpha virt. eigenvalues --    0.65184
     Molecular Orbital Coefficients:
                           1         2         3         4         5
                           O         O         O         O         O
     Eigenvalues --   -10.09006 -10.06236  -0.74881  -0.54565  -0.47137
   1 1   C  1S          0.99241   0.01698  -0.12448  -0.19643   0.10790
   2        2S          0.02969  -0.00477   0.39107   0.70732  -0.41235
   3        2PX        -0.00287   0.00330  -0.08589  -0.03886  -0.01957
   4        2PY         0.00292  -0.00334   0.10070   0.02523   0.02329
   5        2PZ        -0.00007   0.00044   0.00180   0.02164   0.11285
   6 2   H  1S         -0.00000   0.00000   0.00018   0.00050  -0.00037
   7 3   H  1S         -0.00000  -0.00000   0.00035   0.00058  -0.00056
   8 4   C  1S         -0.01565   0.99111  -0.19894   0.08893  -0.03129
   9        2S         -0.00577   0.03893   0.57487  -0.27887   0.10903
  10        2PX        -0.00345   0.00341   0.09721   0.11745  -0.02747
  11        2PY         0.00345   0.00190   0.00603  -0.28517   0.01268
  12        2PZ         0.00025   0.00008   0.01017   0.16582   0.48943
  13 5   H  1S         -0.00070  -0.00818   0.19990  -0.01257   0.47928
  14 6   H  1S          0.00008  -0.00931   0.19908  -0.37074  -0.27754
                           6         7         8         9        10
                           O         O         O         V         V
     Eigenvalues --    -0.41292  -0.28076  -0.22753   0.08480   0.11670
   1 1   C  1S          0.00044  -0.10372   0.02227  -0.00028  -0.00033
   2        2S         -0.00160   0.44722  -0.10305  -0.00067   0.00836
   3        2PX        -0.00117   0.52632   0.24863  -0.18466   0.57407
   4        2PY        -0.00124  -0.31440   0.58218  -0.03649   0.53618
   5        2PZ        -0.00004   0.10926   0.00255   0.97369   0.18052
   6 2   H  1S          0.58206   0.00097   0.00237   0.00022  -0.00006
   7 3   H  1S          0.58157   0.00050   0.00113  -0.00030   0.00026
   8 4   C  1S         -0.00016   0.05049   0.05515   0.01788  -0.05985
   9        2S          0.00071  -0.22137  -0.24075  -0.09460   0.29586
  10        2PX        -0.00159  -0.11559   0.62578   0.09093  -0.54259
  11        2PY        -0.00081   0.48104   0.22652  -0.02366  -0.30157
  12        2PZ         0.00011   0.12589  -0.01328  -0.08540  -0.05097
  13 5   H  1S          0.00012   0.18082   0.02519  -0.12361  -0.15041
  14 6   H  1S         -0.00010   0.14122   0.03033   0.16220  -0.13318
                          11        12        13        14
                           V         V         V         V
     Eigenvalues --     0.30871   0.40034   0.47311   0.65184
   1 1   C  1S          0.00007  -0.08560   0.03918   0.01311
   2        2S         -0.00031   0.45057  -0.21348  -0.08350
   3        2PX         0.00051  -0.58210   0.25264   0.12849
   4        2PY         0.00013   0.52559  -0.33502  -0.05195
   5        2PZ         0.00033  -0.03306   0.06256  -0.08859
   6 2   H  1S         -0.97764  -0.00049  -0.00027  -0.00001
   7 3   H  1S          0.97794   0.00060   0.00049  -0.00004
   8 4   C  1S          0.00017   0.02847  -0.20764   0.03257
   9        2S         -0.00082  -0.10596   1.22887  -0.25702
  10        2PX         0.00075  -0.47924   0.40893   0.12096
  11        2PY         0.00001   0.73147   0.24891  -0.50806
  12        2PZ        -0.00018   0.37352   0.24367   1.07667
  13 5   H  1S          0.00066  -0.47145  -0.89458  -0.61643
  14 6   H  1S          0.00039  -0.10489  -0.68587   1.09042
     Density Matrix:
                           1         2         3         4         5
   1 1   C  1S          2.12427
   2        2S         -0.50281   2.06958
   3        2PX        -0.07127   0.31329   0.69624
   4        2PY         0.06688  -0.30574  -0.06166   0.89824
   5        2PZ        -0.00728   0.03615   0.10987  -0.05903   0.05030
   6 2   H  1S          0.00009  -0.00032   0.00078   0.00075   0.00012
   7 3   H  1S          0.00002  -0.00010  -0.00036  -0.00037  -0.00003
   8 4   C  1S          0.00243   0.01943   0.11569  -0.01129   0.00826
   9        2S          0.01503  -0.18389  -0.43380  -0.03464  -0.03496
  10        2PX        -0.03116   0.03224   0.16480   0.82550  -0.02283
  11        2PY         0.03048  -0.02539   0.63963  -0.05130   0.09681
  12        2PZ         0.01174  -0.04576   0.09212  -0.06140   0.14512
  13 5   H  1S          0.02054  -0.10013   0.15069  -0.02237   0.14798
  14 6   H  1S          0.00808  -0.01971   0.16915  -0.04497  -0.04696
                           6         7         8         9        10
   6 2   H  1S          0.67761
   7 3   H  1S          0.67703   0.67646
   8 4   C  1S          0.00021  -0.00002   2.07322
   9        2S         -0.00089   0.00002  -0.25671   1.05729
  10        2PX         0.00106  -0.00032   0.04815  -0.20957   0.85797
  11        2PY         0.00078  -0.00029   0.02331  -0.15320   0.10577
  12        2PZ         0.00011  -0.00013   0.00622  -0.02340  -0.03168
  13 5   H  1S          0.00032  -0.00003  -0.10693   0.24854  -0.00075
  14 6   H  1S          0.00021   0.00011  -0.12863   0.29729  -0.02789
                          11        12        13        14
  11        2PY         0.72849
  12        2PZ         0.03307   0.56634
  13 5   H  1S          0.20707   0.51391   0.60645
  14 6   H  1S          0.35638  -0.35583  -0.12438   0.55012
    Full Mulliken population analysis:
                           1         2         3         4         5
   1 1   C  1S          2.12427
   2        2S         -0.12488   2.06958
   3        2PX         0.00000   0.00000   0.69624
   4        2PY         0.00000   0.00000   0.00000   0.89824
   5        2PZ         0.00000   0.00000   0.00000   0.00000   0.05030
   6 2   H  1S          0.00000  -0.00000  -0.00000  -0.00000   0.00000
   7 3   H  1S          0.00000  -0.00000   0.00000   0.00000   0.00000
   8 4   C  1S          0.00000   0.00036  -0.00265  -0.00026  -0.00000
   9        2S          0.00028  -0.04451   0.08831  -0.00700   0.00012
  10        2PX        -0.00071   0.00656  -0.01366   0.17137   0.00008
  11        2PY        -0.00069   0.00513   0.13279   0.00409   0.00033
  12        2PZ         0.00000  -0.00015  -0.00031  -0.00021   0.01832
  13 5   H  1S          0.00017  -0.01305  -0.01193  -0.00247   0.01298
  14 6   H  1S          0.00003  -0.00139  -0.00797  -0.00335   0.00161
                           6         7         8         9        10
   6 2   H  1S          0.67761
   7 3   H  1S          0.32296   0.67646
   8 4   C  1S          0.00000  -0.00000   2.07322
   9        2S         -0.00000   0.00000  -0.06376   1.05729
  10        2PX        -0.00000   0.00000   0.00000   0.00000   0.85797
  11        2PY        -0.00000   0.00000   0.00000   0.00000   0.00000
  12        2PZ         0.00000   0.00000   0.00000   0.00000   0.00000
  13 5   H  1S          0.00000  -0.00000  -0.00600   0.11566  -0.00006
  14 6   H  1S          0.00000   0.00000  -0.00874   0.15231  -0.00040
                          11        12        13        14
  11        2PY         0.72849
  12        2PZ         0.00000   0.56634
  13 5   H  1S          0.01467   0.22495   0.60645
  14 6   H  1S          0.10598   0.13383  -0.01504   0.55012
     Gross orbital populations:
                           1
   1 1   C  1S          1.99846
   2        2S          1.89766
   3        2PX         0.88080
   4        2PY         1.06042
   5        2PZ         0.08373
   6 2   H  1S          1.00057
   7 3   H  1S          0.99943
   8 4   C  1S          1.99218
   9        2S          1.29870
  10        2PX         1.02115
  11        2PY         0.99078
  12        2PZ         0.94278
  13 5   H  1S          0.92633
  14 6   H  1S          0.90700
          Condensed to atoms (all electrons):
               1          2          3          4          5          6
     1  C    5.588871  -0.000000   0.000000   0.357585  -0.014306  -0.011073
     2  H   -0.000000   0.677610   0.322965  -0.000000   0.000000   0.000000
     3  H    0.000000   0.322965   0.676462   0.000000  -0.000000   0.000000
     4  C    0.357585  -0.000000   0.000000   5.155801   0.349217   0.382990
     5  H   -0.014306   0.000000  -0.000000   0.349217   0.606453  -0.015035
     6  H   -0.011073   0.000000   0.000000   0.382990  -0.015035   0.550117
 Mulliken charges:
               1
     1  C    0.078922
     2  H   -0.000574
     3  H    0.000573
     4  C   -0.245593
     5  H    0.073671
     6  H    0.093001
 Sum of Mulliken charges =  -0.00000
 Mulliken charges with hydrogens summed into heavy atoms:
               1
     1  C    0.078348
     4  C   -0.078348
 Electronic spatial extent (au):  <R**2>=            885.8793
 Charge=             -0.0000 electrons
 Dipole moment (field-independent basis, Debye):
    X=              0.2110    Y=              0.7008    Z=             -0.0194  Tot=              0.7321
 Quadrupole moment (field-independent basis, Debye-Ang):
   XX=            -13.9775   YY=            -10.2514   ZZ=            -11.0117
   XY=              2.6668   XZ=              0.3116   YZ=              1.0650
 Traceless Quadrupole moment (field-independent basis, Debye-Ang):
   XX=             -2.2306   YY=              1.4955   ZZ=              0.7352
   XY=              2.6668   XZ=              0.3116   YZ=              1.0650
 Octapole moment (field-independent basis, Debye-Ang**2):
  XXX=            -72.1297  YYY=            -73.0284  ZZZ=            -68.1515  XYY=            -12.0591
  XXY=            -23.0711  XXZ=            -29.8667  XZZ=            -17.7879  YZZ=            -22.2558
  YYZ=            -22.5440  XYZ=              5.6077
 Hexadecapole moment (field-independent basis, Debye-Ang**3):
 XXXX=           -377.1398 YYYY=           -467.0192 ZZZZ=           -300.1367 XXXY=           -172.6836
 XXXZ=           -155.4005 YYYX=           -144.8174 YYYZ=           -162.0063 ZZZX=           -113.6543
 ZZZY=           -145.5871 XXYY=           -121.6766 XXZZ=           -113.5942 YYZZ=           -122.9334
 XXYZ=            -49.0394 YYXZ=            -27.3598 ZZXY=            -36.0278
 N-N= 2.402326063243D+01 E-N=-2.282736888066D+02  KE= 7.693046955263D+01
 Orbital energies and kinetic energies (alpha):
                                 1                 2
   1         O               -10.090057         15.650116
   2         O               -10.062356         15.609131
   3         O                -0.748811          1.300836
   4         O                -0.545652          1.453209
   5         O                -0.471371          1.079773
   6         O                -0.412915          0.581862
   7         O                -0.280761          1.422047
   8         O                -0.227534          1.368261
   9         V                 0.084802          1.522624
  10         V                 0.116701          1.650737
  11         V                 0.308708          1.263254
  12         V                 0.400344          2.301976
  13         V                 0.473108          2.484954
  14         V                 0.651841          2.357088
 Total kinetic energy from orbitals= 7.693046955263D+01
 Calling FoFJK, ICntrl=  10005127 FMM=F ISym2X=0 I1Cent= 0 IOpClX= 0 NMat=1 NMatS=1 NMatT=0.
 -------------------------------------------------------------------
 Center     Atomic                   Forces (Hartrees/Bohr)
 Number     Number              X              Y              Z
 -------------------------------------------------------------------
      1        6          -0.067334007    0.049050039   -0.022185156
      2        1           0.001561746    0.042852056   -0.122277739
      3        1          -0.001517197   -0.042805955    0.122281011
      4        6           0.109737897   -0.129701723    0.065901046
      5        1          -0.033758287    0.037561582   -0.019114065
      6        1          -0.008690152    0.043044001   -0.024605097
 -------------------------------------------------------------------
 Cartesian Forces:  Max     0.129701723 RMS     0.066527891

 GradGradGradGradGradGradGradGradGradGradGradGradGradGradGradGradGradGrad
 Berny optimization.
 Search for a local minimum.
 Step number   1 out of a maximum of    2
 All quantities printed in internal units (Hartrees-Bohrs-Radians)
 Second derivative matrix not updated -- first step.
 The second derivative matrix:
                          X1        Y1        Z1        X2        Y2
           X1           0.09944
           Y1          -0.09303   0.09791
           Z1          -0.00088  -0.00360   0.02681
           X2           0.00000   0.00000   0.00000   1.00000
           Y2           0.00000   0.00000   0.00000   0.00000   1.00000
           Z2           0.00000   0.00000   0.00000   0.00000   0.00000
           X3           0.00000   0.00000   0.00000   0.00000   0.00000
           Y3           0.00000   0.00000   0.00000   0.00000   0.00000
           Z3           0.00000   0.00000   0.00000   0.00000   0.00000
           X4          -0.11058   0.08182   0.00216   0.00000   0.00000
           Y4           0.09976  -0.09104   0.00913   0.00000   0.00000
           Z4           0.00420   0.00682  -0.03406   0.00000   0.00000
           X5           0.00319   0.00348   0.01611   0.00000   0.00000
           Y5          -0.00244  -0.00272  -0.01619   0.00000   0.00000
           Z5          -0.00023  -0.00024  -0.00051   0.00000   0.00000
           X6           0.00795   0.00773  -0.01739   0.00000   0.00000
           Y6          -0.00429  -0.00415   0.01066   0.00000   0.00000
           Z6          -0.00309  -0.00299   0.00777   0.00000   0.00000
                          Z2        X3        Y3        Z3        X4
           Z2           1.00000
           X3           0.00000   1.00000
           Y3           0.00000   0.00000   1.00000
           Z3           0.00000   0.00000   0.00000   1.00000
           X4           0.00000   0.00000   0.00000   0.00000   0.18827
           Y4           0.00000   0.00000   0.00000   0.00000  -0.07258
           Z4           0.00000   0.00000   0.00000   0.00000   0.03655
           X5           0.00000   0.00000   0.00000   0.00000  -0.03645
           Y5           0.00000   0.00000   0.00000   0.00000  -0.00697
           Z5           0.00000   0.00000   0.00000   0.00000  -0.05040
           X6           0.00000   0.00000   0.00000   0.00000  -0.04124
           Y6           0.00000   0.00000   0.00000   0.00000  -0.00227
           Z6           0.00000   0.00000   0.00000   0.00000   0.01170
                          Y4        Z4        X5        Y5        Z5
           Y4           0.38010
           Z4          -0.12290   0.57946
           X5          -0.00848  -0.07400   0.03021
           Y5          -0.08180  -0.04539  -0.00114   0.05733
           Z5          -0.03385  -0.27948   0.05293   0.03968   0.28450
           X6          -0.01871   0.03325   0.00304   0.01055  -0.00230
           Y6          -0.20726   0.16148   0.00613   0.02720  -0.00559
           Z6           0.14762  -0.26592   0.00496   0.02191  -0.00451
                          X6        Y6        Z6
           X6           0.03025
           Y6           0.00043   0.18421
           Z6          -0.01357  -0.16654   0.26266
 ITU=  0
     Eigenvalues ---    0.04522   0.05761   0.07974   0.12642   0.19872
     Eigenvalues ---    0.36720   0.51630   0.84111   0.89718   0.97594
     Eigenvalues ---    0.99980   1.00000
 Quadratic step=8.730D-01 exceeds max=3.000D-01 adjusted using Lamda=-3.051D-01.
 Angle between NR and scaled steps=  36.98 degrees.
 Angle between quadratic step and forces=  23.05 degrees.
 Linear search not attempted -- first point.
 B after Tr=    -0.019678    0.011194   -0.003447
         Rot=    0.999992   -0.002306   -0.002901    0.001375 Ang=  -0.45 deg.
 Variable       Old X    -DE/DX   Delta X   Delta X   Delta X     New X
                                 (Linear)    (Quad)   (Total)
    X1        5.15808  -0.06733   0.00000  -0.09335  -0.08056   5.07752
    Y1        3.53633   0.04905   0.00000   0.06989   0.04916   3.58548
    Z1        3.92961  -0.02219   0.00000  -0.03008  -0.04645   3.88315
    X2       -1.99481   0.00156   0.00000   0.00137   0.00333  -1.99147
    Y2       -1.92871   0.04285   0.00000   0.03309   0.02837  -1.90034
    Z2        4.72493  -0.12228   0.00000  -0.09403  -0.09475   4.63018
    X3       -1.97150  -0.00152   0.00000   0.00049  -0.00554  -1.97704
    Y3       -1.28320  -0.04281   0.00000  -0.03396  -0.03109  -1.31429
    Z3        2.88203   0.12228   0.00000   0.09289   0.09474   2.97677
    X4        2.90909   0.10974   0.00000   0.14336   0.16200   3.07109
    Y4        5.76789  -0.12970   0.00000  -0.11884  -0.13423   5.63366
    Z4        3.89299   0.06590   0.00000   0.03525   0.03997   3.93295
    X5        3.31365  -0.03376   0.00000  -0.09584  -0.06390   3.24975
    Y5        6.10419   0.03756   0.00000   0.09596   0.07072   6.17492
    Z5        5.97164  -0.01911   0.00000  -0.01105  -0.00481   5.96683
    X6        2.96861  -0.00869   0.00000  -0.02853  -0.01533   2.95327
    Y6        7.00133   0.04304   0.00000   0.02480   0.01707   7.01840
    Z6        2.33302  -0.02461   0.00000  -0.00045   0.01130   2.34433
         Item               Value     Threshold  Converged?
 Maximum Force            0.129702     0.000450     NO 
 RMS     Force            0.066528     0.000300     NO 
 Maximum Displacement     0.162003     0.001800     NO 
 RMS     Displacement     0.069304     0.001200     NO 
 Predicted change in Energy=-5.268620D-02
 GradGradGradGradGradGradGradGradGradGradGradGradGradGradGradGradGradGrad

 Unable to Open any file for archive entry.
 1\1\GINC-BLUEHIVE\Force\RwB97XD TD-FC\STO-3G\C2H4\BWEIGHT\07-Jan-2023\
 0\\# WB97XD/STO-3G SCF=XQC TD=(singlets,nstates=2,root=1) FORCE nosym 
 pop=full guess=read\\MD Step 999\\0,1\C,2.72953842,1.87134338,2.079458
 38\H,-1.05560613,-1.02062931,2.50032533\H,-1.04327178,-0.67903808,1.52
 510196\C,1.53942355,3.05223369,2.06007944\H,1.75350845,3.23019869,3.16
 005581\H,1.57091915,3.70494375,1.23458137\\Version=ES64L-G16RevC.01\HF
 =-77.262334\RMSD=4.088e-09\RMSF=6.653e-02\Dipole=-0.2124361,0.4458524,
 0.0234725\PG=C01 [X(C2H4)]\\@
 The archive entry for this job was punched.


 IT IS A SIMPLE TASK TO MAKE THINGS COMPLEX,
 BUT A COMPLEX TASK TO MAKE THEM SIMPLE.
 Job cpu time:       0 days  0 hours  0 minutes 20.0 seconds.
 Elapsed time:       0 days  0 hours  0 minutes 42.9 seconds.
 File lengths (MBytes):  RWF=    272 Int=      0 D2E=      0 Chk=     32 Scr=     32
 Normal termination of Gaussian 16 at Sat Jan  7 19:09:55 2023.
