 Entering Gaussian System, Link 0=g16
 Initial command:
 /software/gaussian/g16-c01/avx2/g16/l1.exe "/gpfs/fs2/scratch/bweight/software/many_molecule_many_mode_NAMD/src/WFN_OVERLAP/TEST/GS_OLD/Gau-4939.inp" -scrdir="/gpfs/fs2/scratch/bweight/software/many_molecule_many_mode_NAMD/src/WFN_OVERLAP/TEST/GS_OLD/"
 Entering Link 1 = /software/gaussian/g16-c01/avx2/g16/l1.exe PID=      4941.
  
 Copyright (c) 1988-2019, Gaussian, Inc.  All Rights Reserved.
  
 This is part of the Gaussian(R) 16 program.  It is based on
 the Gaussian(R) 09 system (copyright 2009, Gaussian, Inc.),
 the Gaussian(R) 03 system (copyright 2003, Gaussian, Inc.),
 the Gaussian(R) 98 system (copyright 1998, Gaussian, Inc.),
 the Gaussian(R) 94 system (copyright 1995, Gaussian, Inc.),
 the Gaussian 92(TM) system (copyright 1992, Gaussian, Inc.),
 the Gaussian 90(TM) system (copyright 1990, Gaussian, Inc.),
 the Gaussian 88(TM) system (copyright 1988, Gaussian, Inc.),
 the Gaussian 86(TM) system (copyright 1986, Carnegie Mellon
 University), and the Gaussian 82(TM) system (copyright 1983,
 Carnegie Mellon University). Gaussian is a federally registered
 trademark of Gaussian, Inc.
  
 This software contains proprietary and confidential information,
 including trade secrets, belonging to Gaussian, Inc.
  
 This software is provided under written license and may be
 used, copied, transmitted, or stored only in accord with that
 written license.
  
 The following legend is applicable only to US Government
 contracts under FAR:
  
                    RESTRICTED RIGHTS LEGEND
  
 Use, reproduction and disclosure by the US Government is
 subject to restrictions as set forth in subparagraphs (a)
 and (c) of the Commercial Computer Software - Restricted
 Rights clause in FAR 52.227-19.
  
 Gaussian, Inc.
 340 Quinnipiac St., Bldg. 40, Wallingford CT 06492
  
  
 ---------------------------------------------------------------
 Warning -- This program may not be used in any manner that
 competes with the business of Gaussian, Inc. or will provide
 assistance to any competitor of Gaussian, Inc.  The licensee
 of this program is prohibited from giving any competitor of
 Gaussian, Inc. access to this program.  By using this program,
 the user acknowledges that Gaussian, Inc. is engaged in the
 business of creating and licensing software in the field of
 computational chemistry and represents and warrants to the
 licensee that it is not a competitor of Gaussian, Inc. and that
 it will not use this program in any manner prohibited above.
 ---------------------------------------------------------------
  

 Cite this work as:
 Gaussian 16, Revision C.01,
 M. J. Frisch, G. W. Trucks, H. B. Schlegel, G. E. Scuseria, 
 M. A. Robb, J. R. Cheeseman, G. Scalmani, V. Barone, 
 G. A. Petersson, H. Nakatsuji, X. Li, M. Caricato, A. V. Marenich, 
 J. Bloino, B. G. Janesko, R. Gomperts, B. Mennucci, H. P. Hratchian, 
 J. V. Ortiz, A. F. Izmaylov, J. L. Sonnenberg, D. Williams-Young, 
 F. Ding, F. Lipparini, F. Egidi, J. Goings, B. Peng, A. Petrone, 
 T. Henderson, D. Ranasinghe, V. G. Zakrzewski, J. Gao, N. Rega, 
 G. Zheng, W. Liang, M. Hada, M. Ehara, K. Toyota, R. Fukuda, 
 J. Hasegawa, M. Ishida, T. Nakajima, Y. Honda, O. Kitao, H. Nakai, 
 T. Vreven, K. Throssell, J. A. Montgomery, Jr., J. E. Peralta, 
 F. Ogliaro, M. J. Bearpark, J. J. Heyd, E. N. Brothers, K. N. Kudin, 
 V. N. Staroverov, T. A. Keith, R. Kobayashi, J. Normand, 
 K. Raghavachari, A. P. Rendell, J. C. Burant, S. S. Iyengar, 
 J. Tomasi, M. Cossi, J. M. Millam, M. Klene, C. Adamo, R. Cammi, 
 J. W. Ochterski, R. L. Martin, K. Morokuma, O. Farkas, 
 J. B. Foresman, and D. J. Fox, Gaussian, Inc., Wallingford CT, 2019.
 
 ******************************************
 Gaussian 16:  ES64L-G16RevC.01  3-Jul-2019
                 7-Jan-2023 
 ******************************************
 %oldchk=../GS_OLD/geometry.chk
 %chk=geometry.chk
 %rwf=geometry.rwf
 %nprocshared=1
 Will use up to    1 processors via shared memory.
 %mem=5GB
 Copying data from "../GS_OLD/geometry.chk" to current chk file "geometry.chk"
 IOpt=  2 FromEx=T IUOpen= 4 IOptOp= 5 NList=   0 IFRang= 0 IUIn= 4 IUOut= 2.
 --------------------------------------------
 # WB97XD/STO-3G SCF=XQC FORCE nosym pop=full
 --------------------------------------------
 1/10=7,30=1,38=1/1,3;
 2/12=2,15=1,17=6,18=5,40=1/2;
 3/6=3,11=2,25=1,30=1,71=1,74=-58/1,2,3;
 4//1;
 5/5=2,8=3,13=1,38=5/2,8;
 6/7=3,28=1/1;
 7/29=1,30=1/1,2,3,16;
 1/10=7,30=1/3;
 99//99;
 -----------
 MD Step 999
 -----------
 Symbolic Z-matrix:
 Charge =  0 Multiplicity = 1
 C                     2.72954   1.87134   2.07946 
 H                    -1.05561  -1.02063   2.50033 
 H                    -1.04327  -0.67904   1.5251 
 C                     1.53942   3.05223   2.06008 
 H                     1.75351   3.2302    3.16006 
 H                     1.57092   3.70494   1.23458 
 

 GradGradGradGradGradGradGradGradGradGradGradGradGradGradGradGradGradGrad
 Berny optimization.
 Initialization pass.
 Trust Radius=3.00D-01 FncErr=1.00D-07 GrdErr=1.00D-07 EigMax=2.50D+02 EigMin=1.00D-04
 Number of steps in this run=      2 maximum allowed number of steps=      2.
 GradGradGradGradGradGradGradGradGradGradGradGradGradGradGradGradGradGrad

                          Input orientation:                          
 ---------------------------------------------------------------------
 Center     Atomic      Atomic             Coordinates (Angstroms)
 Number     Number       Type             X           Y           Z
 ---------------------------------------------------------------------
      1          6           0        2.729538    1.871343    2.079458
      2          1           0       -1.055606   -1.020629    2.500325
      3          1           0       -1.043272   -0.679038    1.525102
      4          6           0        1.539424    3.052234    2.060079
      5          1           0        1.753508    3.230199    3.160056
      6          1           0        1.570919    3.704944    1.234581
 ---------------------------------------------------------------------
                    Distance matrix (angstroms):
                    1          2          3          4          5
     1  C    0.000000
     2  H    4.782045   0.000000
     3  H    4.587576   1.033391   0.000000
     4  C    1.676679   4.849351   4.569344   0.000000
     5  H    1.991686   5.137695   5.077124   1.134659   0.000000
     6  H    2.327726   5.552638   5.112504   1.052839   1.991525
                    6
     6  H    0.000000
 Symmetry turned off by external request.
 Stoichiometry    C2H4
 Framework group  C1[X(C2H4)]
 Deg. of freedom    12
 Full point group                 C1      NOp   1
 Rotational constants (GHZ):          23.7914577          11.7833068           8.5091351
 Standard basis: STO-3G (5D, 7F)
    14 basis functions,    42 primitive gaussians,    14 cartesian basis functions
     8 alpha electrons        8 beta electrons
       nuclear repulsion energy        24.0236073700 Hartrees.
 NAtoms=    6 NActive=    6 NUniq=    6 SFac= 1.00D+00 NAtFMM=   60 NAOKFM=F Big=F
 Integral buffers will be    131072 words long.
 Raffenetti 2 integral format.
 Two-electron integral symmetry is turned off.
 Nuclear repulsion after empirical dispersion term =       24.0232606324 Hartrees.
 One-electron integrals computed using PRISM.
 NBasis=    14 RedAO= T EigKep=  2.73D-01  NBF=    14
 NBsUse=    14 1.00D-06 EigRej= -1.00D+00 NBFU=    14
 ExpMin= 1.69D-01 ExpMax= 7.16D+01 ExpMxC= 7.16D+01 IAcc=3 IRadAn=         5 AccDes= 0.00D+00
 Harris functional with IExCor= 4639 and IRadAn=       5 diagonalized for initial guess.
 HarFok:  IExCor= 4639 AccDes= 0.00D+00 IRadAn=         5 IDoV= 1 UseB2=F ITyADJ=14
 ICtDFT=  3500011 ScaDFX=  1.000000  1.000000  1.000000  1.000000
 FoFCou: FMM=F IPFlag=           0 FMFlag=      100000 FMFlg1=           0
         NFxFlg=           0 DoJE=T BraDBF=F KetDBF=T FulRan=T
         wScrn=  0.000000 ICntrl=       500 IOpCl=  0 I1Cent=   200000004 NGrid=           0
         NMat0=    1 NMatS0=      1 NMatT0=    0 NMatD0=    1 NMtDS0=    0 NMtDT0=    0
 Symmetry not used in FoFCou.
 Keep R1 ints in memory in canonical form, NReq=876001.
 Requested convergence on RMS density matrix=1.00D-08 within  32 cycles.
 Requested convergence on MAX density matrix=1.00D-06.
 Requested convergence on             energy=1.00D-06.
 No special actions if energy rises.
 Integral accuracy reduced to 1.0D-05 until final iterations.
 Initial convergence to 1.0D-05 achieved.  Increase integral accuracy.
 SCF Done:  E(RwB97XD) =  -77.2623339607     A.U. after   19 cycles
            NFock= 19  Conv=0.22D-08     -V/T= 2.0043
 QCSCF skips out because SCF is already converged.

 **********************************************************************

            Population analysis using the SCF Density.

 **********************************************************************

 Alpha  occ. eigenvalues --  -10.09006 -10.06236  -0.74881  -0.54565  -0.47137
 Alpha  occ. eigenvalues --   -0.41292  -0.28076  -0.22753
 Alpha virt. eigenvalues --    0.08480   0.11670   0.30871   0.40034   0.47311
 Alpha virt. eigenvalues --    0.65184
     Molecular Orbital Coefficients:
                           1         2         3         4         5
                           O         O         O         O         O
     Eigenvalues --   -10.09006 -10.06236  -0.74881  -0.54565  -0.47137
   1 1   C  1S          0.99241   0.01698  -0.12448  -0.19643   0.10790
   2        2S          0.02969  -0.00477   0.39107   0.70732  -0.41235
   3        2PX        -0.00287   0.00330  -0.08589  -0.03886  -0.01957
   4        2PY         0.00292  -0.00334   0.10070   0.02523   0.02329
   5        2PZ        -0.00007   0.00044   0.00180   0.02164   0.11285
   6 2   H  1S         -0.00000   0.00000   0.00018   0.00050  -0.00037
   7 3   H  1S         -0.00000  -0.00000   0.00035   0.00058  -0.00056
   8 4   C  1S         -0.01565   0.99111  -0.19894   0.08893  -0.03129
   9        2S         -0.00577   0.03893   0.57487  -0.27887   0.10903
  10        2PX        -0.00345   0.00341   0.09721   0.11745  -0.02747
  11        2PY         0.00345   0.00190   0.00603  -0.28517   0.01268
  12        2PZ         0.00025   0.00008   0.01017   0.16582   0.48943
  13 5   H  1S         -0.00070  -0.00818   0.19990  -0.01257   0.47928
  14 6   H  1S          0.00008  -0.00931   0.19908  -0.37074  -0.27754
                           6         7         8         9        10
                           O         O         O         V         V
     Eigenvalues --    -0.41292  -0.28076  -0.22753   0.08480   0.11670
   1 1   C  1S          0.00044  -0.10372   0.02227  -0.00028  -0.00033
   2        2S         -0.00160   0.44722  -0.10305  -0.00067   0.00836
   3        2PX        -0.00117   0.52632   0.24863  -0.18466   0.57407
   4        2PY        -0.00124  -0.31440   0.58218  -0.03649   0.53618
   5        2PZ        -0.00004   0.10926   0.00255   0.97369   0.18052
   6 2   H  1S          0.58206   0.00097   0.00237   0.00022  -0.00006
   7 3   H  1S          0.58157   0.00050   0.00113  -0.00030   0.00026
   8 4   C  1S         -0.00016   0.05049   0.05515   0.01788  -0.05985
   9        2S          0.00071  -0.22137  -0.24075  -0.09460   0.29586
  10        2PX        -0.00159  -0.11559   0.62578   0.09093  -0.54259
  11        2PY        -0.00081   0.48104   0.22652  -0.02366  -0.30157
  12        2PZ         0.00011   0.12589  -0.01328  -0.08540  -0.05097
  13 5   H  1S          0.00012   0.18082   0.02519  -0.12361  -0.15041
  14 6   H  1S         -0.00010   0.14122   0.03033   0.16220  -0.13318
                          11        12        13        14
                           V         V         V         V
     Eigenvalues --     0.30871   0.40034   0.47311   0.65184
   1 1   C  1S          0.00007  -0.08560   0.03918   0.01311
   2        2S         -0.00031   0.45057  -0.21348  -0.08350
   3        2PX         0.00051  -0.58210   0.25264   0.12849
   4        2PY         0.00013   0.52559  -0.33502  -0.05195
   5        2PZ         0.00033  -0.03306   0.06256  -0.08859
   6 2   H  1S         -0.97764  -0.00049  -0.00027  -0.00001
   7 3   H  1S          0.97794   0.00060   0.00049  -0.00004
   8 4   C  1S          0.00017   0.02847  -0.20764   0.03257
   9        2S         -0.00082  -0.10596   1.22887  -0.25702
  10        2PX         0.00075  -0.47924   0.40893   0.12096
  11        2PY         0.00001   0.73147   0.24891  -0.50806
  12        2PZ        -0.00018   0.37352   0.24367   1.07667
  13 5   H  1S          0.00066  -0.47145  -0.89458  -0.61643
  14 6   H  1S          0.00039  -0.10489  -0.68587   1.09042
     Density Matrix:
                           1         2         3         4         5
   1 1   C  1S          2.12427
   2        2S         -0.50281   2.06958
   3        2PX        -0.07127   0.31329   0.69624
   4        2PY         0.06688  -0.30574  -0.06166   0.89824
   5        2PZ        -0.00728   0.03615   0.10987  -0.05903   0.05030
   6 2   H  1S          0.00009  -0.00032   0.00078   0.00075   0.00012
   7 3   H  1S          0.00002  -0.00010  -0.00036  -0.00037  -0.00003
   8 4   C  1S          0.00243   0.01943   0.11569  -0.01129   0.00826
   9        2S          0.01503  -0.18389  -0.43380  -0.03464  -0.03496
  10        2PX        -0.03116   0.03224   0.16480   0.82550  -0.02283
  11        2PY         0.03048  -0.02539   0.63963  -0.05130   0.09681
  12        2PZ         0.01174  -0.04576   0.09212  -0.06140   0.14512
  13 5   H  1S          0.02054  -0.10013   0.15069  -0.02237   0.14798
  14 6   H  1S          0.00808  -0.01971   0.16915  -0.04497  -0.04696
                           6         7         8         9        10
   6 2   H  1S          0.67761
   7 3   H  1S          0.67703   0.67646
   8 4   C  1S          0.00021  -0.00002   2.07322
   9        2S         -0.00089   0.00002  -0.25671   1.05729
  10        2PX         0.00106  -0.00032   0.04815  -0.20957   0.85797
  11        2PY         0.00078  -0.00029   0.02331  -0.15320   0.10577
  12        2PZ         0.00011  -0.00013   0.00622  -0.02340  -0.03168
  13 5   H  1S          0.00032  -0.00003  -0.10693   0.24854  -0.00075
  14 6   H  1S          0.00021   0.00011  -0.12863   0.29729  -0.02789
                          11        12        13        14
  11        2PY         0.72849
  12        2PZ         0.03307   0.56634
  13 5   H  1S          0.20707   0.51391   0.60645
  14 6   H  1S          0.35638  -0.35583  -0.12438   0.55012
    Full Mulliken population analysis:
                           1         2         3         4         5
   1 1   C  1S          2.12427
   2        2S         -0.12488   2.06958
   3        2PX         0.00000   0.00000   0.69624
   4        2PY         0.00000   0.00000   0.00000   0.89824
   5        2PZ         0.00000   0.00000   0.00000   0.00000   0.05030
   6 2   H  1S          0.00000  -0.00000  -0.00000  -0.00000   0.00000
   7 3   H  1S          0.00000  -0.00000   0.00000   0.00000   0.00000
   8 4   C  1S          0.00000   0.00036  -0.00265  -0.00026  -0.00000
   9        2S          0.00028  -0.04451   0.08831  -0.00700   0.00012
  10        2PX        -0.00071   0.00656  -0.01366   0.17137   0.00008
  11        2PY        -0.00069   0.00513   0.13279   0.00409   0.00033
  12        2PZ         0.00000  -0.00015  -0.00031  -0.00021   0.01832
  13 5   H  1S          0.00017  -0.01305  -0.01193  -0.00247   0.01298
  14 6   H  1S          0.00003  -0.00139  -0.00797  -0.00335   0.00161
                           6         7         8         9        10
   6 2   H  1S          0.67761
   7 3   H  1S          0.32296   0.67646
   8 4   C  1S          0.00000  -0.00000   2.07322
   9        2S         -0.00000   0.00000  -0.06376   1.05729
  10        2PX        -0.00000   0.00000   0.00000   0.00000   0.85797
  11        2PY        -0.00000   0.00000   0.00000   0.00000   0.00000
  12        2PZ         0.00000   0.00000   0.00000   0.00000   0.00000
  13 5   H  1S          0.00000  -0.00000  -0.00600   0.11566  -0.00006
  14 6   H  1S          0.00000   0.00000  -0.00874   0.15231  -0.00040
                          11        12        13        14
  11        2PY         0.72849
  12        2PZ         0.00000   0.56634
  13 5   H  1S          0.01467   0.22495   0.60645
  14 6   H  1S          0.10598   0.13383  -0.01504   0.55012
     Gross orbital populations:
                           1
   1 1   C  1S          1.99846
   2        2S          1.89766
   3        2PX         0.88080
   4        2PY         1.06042
   5        2PZ         0.08373
   6 2   H  1S          1.00057
   7 3   H  1S          0.99943
   8 4   C  1S          1.99218
   9        2S          1.29870
  10        2PX         1.02115
  11        2PY         0.99078
  12        2PZ         0.94278
  13 5   H  1S          0.92633
  14 6   H  1S          0.90700
          Condensed to atoms (all electrons):
               1          2          3          4          5          6
     1  C    5.588871  -0.000000   0.000000   0.357585  -0.014306  -0.011073
     2  H   -0.000000   0.677610   0.322965  -0.000000   0.000000   0.000000
     3  H    0.000000   0.322965   0.676462   0.000000  -0.000000   0.000000
     4  C    0.357585  -0.000000   0.000000   5.155801   0.349217   0.382990
     5  H   -0.014306   0.000000  -0.000000   0.349217   0.606453  -0.015035
     6  H   -0.011073   0.000000   0.000000   0.382990  -0.015035   0.550117
 Mulliken charges:
               1
     1  C    0.078922
     2  H   -0.000574
     3  H    0.000573
     4  C   -0.245593
     5  H    0.073671
     6  H    0.093001
 Sum of Mulliken charges =  -0.00000
 Mulliken charges with hydrogens summed into heavy atoms:
               1
     1  C    0.078348
     4  C   -0.078348
 Electronic spatial extent (au):  <R**2>=            885.8793
 Charge=             -0.0000 electrons
 Dipole moment (field-independent basis, Debye):
    X=              0.2110    Y=              0.7008    Z=             -0.0194  Tot=              0.7321
 Quadrupole moment (field-independent basis, Debye-Ang):
   XX=            -13.9775   YY=            -10.2514   ZZ=            -11.0117
   XY=              2.6668   XZ=              0.3116   YZ=              1.0650
 Traceless Quadrupole moment (field-independent basis, Debye-Ang):
   XX=             -2.2306   YY=              1.4955   ZZ=              0.7352
   XY=              2.6668   XZ=              0.3116   YZ=              1.0650
 Octapole moment (field-independent basis, Debye-Ang**2):
  XXX=            -72.1297  YYY=            -73.0284  ZZZ=            -68.1515  XYY=            -12.0591
  XXY=            -23.0711  XXZ=            -29.8667  XZZ=            -17.7879  YZZ=            -22.2558
  YYZ=            -22.5440  XYZ=              5.6077
 Hexadecapole moment (field-independent basis, Debye-Ang**3):
 XXXX=           -377.1398 YYYY=           -467.0192 ZZZZ=           -300.1367 XXXY=           -172.6836
 XXXZ=           -155.4005 YYYX=           -144.8174 YYYZ=           -162.0063 ZZZX=           -113.6543
 ZZZY=           -145.5871 XXYY=           -121.6766 XXZZ=           -113.5942 YYZZ=           -122.9334
 XXYZ=            -49.0394 YYXZ=            -27.3598 ZZXY=            -36.0278
 N-N= 2.402326063243D+01 E-N=-2.282736888102D+02  KE= 7.693046955511D+01
 Orbital energies and kinetic energies (alpha):
                                 1                 2
   1         O               -10.090057         15.650116
   2         O               -10.062356         15.609131
   3         O                -0.748811          1.300836
   4         O                -0.545652          1.453209
   5         O                -0.471371          1.079773
   6         O                -0.412915          0.581862
   7         O                -0.280761          1.422047
   8         O                -0.227534          1.368261
   9         V                 0.084802          1.522624
  10         V                 0.116701          1.650737
  11         V                 0.308708          1.263254
  12         V                 0.400344          2.301976
  13         V                 0.473108          2.484954
  14         V                 0.651841          2.357088
 Total kinetic energy from orbitals= 7.693046955511D+01
 Calling FoFJK, ICntrl=      2127 FMM=F ISym2X=0 I1Cent= 0 IOpClX= 0 NMat=1 NMatS=1 NMatT=0.
 -------------------------------------------------------------------
 Center     Atomic                   Forces (Hartrees/Bohr)
 Number     Number              X              Y              Z
 -------------------------------------------------------------------
      1        6          -0.134036769    0.119055082   -0.014775101
      2        1           0.001542415    0.042823365   -0.122303525
      3        1          -0.001514909   -0.042796095    0.122317367
      4        6           0.167690280   -0.177978967    0.054454803
      5        1          -0.024537780    0.023958788   -0.017483932
      6        1          -0.009143238    0.034937826   -0.022209612
 -------------------------------------------------------------------
 Cartesian Forces:  Max     0.177978967 RMS     0.085631375

 GradGradGradGradGradGradGradGradGradGradGradGradGradGradGradGradGradGrad
 Berny optimization.
 Search for a local minimum.
 Step number   1 out of a maximum of    2
 All quantities printed in internal units (Hartrees-Bohrs-Radians)
 Second derivative matrix not updated -- first step.
 The second derivative matrix:
                          X1        Y1        Z1        X2        Y2
           X1           0.09944
           Y1          -0.09303   0.09791
           Z1          -0.00088  -0.00360   0.02681
           X2           0.00000   0.00000   0.00000   1.00000
           Y2           0.00000   0.00000   0.00000   0.00000   1.00000
           Z2           0.00000   0.00000   0.00000   0.00000   0.00000
           X3           0.00000   0.00000   0.00000   0.00000   0.00000
           Y3           0.00000   0.00000   0.00000   0.00000   0.00000
           Z3           0.00000   0.00000   0.00000   0.00000   0.00000
           X4          -0.11058   0.08182   0.00216   0.00000   0.00000
           Y4           0.09976  -0.09104   0.00913   0.00000   0.00000
           Z4           0.00420   0.00682  -0.03406   0.00000   0.00000
           X5           0.00319   0.00348   0.01611   0.00000   0.00000
           Y5          -0.00244  -0.00272  -0.01619   0.00000   0.00000
           Z5          -0.00023  -0.00024  -0.00051   0.00000   0.00000
           X6           0.00795   0.00773  -0.01739   0.00000   0.00000
           Y6          -0.00429  -0.00415   0.01066   0.00000   0.00000
           Z6          -0.00309  -0.00299   0.00777   0.00000   0.00000
                          Z2        X3        Y3        Z3        X4
           Z2           1.00000
           X3           0.00000   1.00000
           Y3           0.00000   0.00000   1.00000
           Z3           0.00000   0.00000   0.00000   1.00000
           X4           0.00000   0.00000   0.00000   0.00000   0.18827
           Y4           0.00000   0.00000   0.00000   0.00000  -0.07258
           Z4           0.00000   0.00000   0.00000   0.00000   0.03655
           X5           0.00000   0.00000   0.00000   0.00000  -0.03645
           Y5           0.00000   0.00000   0.00000   0.00000  -0.00697
           Z5           0.00000   0.00000   0.00000   0.00000  -0.05040
           X6           0.00000   0.00000   0.00000   0.00000  -0.04124
           Y6           0.00000   0.00000   0.00000   0.00000  -0.00227
           Z6           0.00000   0.00000   0.00000   0.00000   0.01170
                          Y4        Z4        X5        Y5        Z5
           Y4           0.38010
           Z4          -0.12290   0.57946
           X5          -0.00848  -0.07400   0.03021
           Y5          -0.08180  -0.04539  -0.00114   0.05733
           Z5          -0.03385  -0.27948   0.05293   0.03968   0.28450
           X6          -0.01871   0.03325   0.00304   0.01055  -0.00230
           Y6          -0.20726   0.16148   0.00613   0.02720  -0.00559
           Z6           0.14762  -0.26592   0.00496   0.02191  -0.00451
                          X6        Y6        Z6
           X6           0.03025
           Y6           0.00043   0.18421
           Z6          -0.01357  -0.16654   0.26266
 ITU=  0
     Eigenvalues ---    0.04522   0.05761   0.07974   0.12642   0.19872
     Eigenvalues ---    0.36720   0.51630   0.84111   0.89718   0.97594
     Eigenvalues ---    0.99980   1.00000
 Quadratic step=7.785D-01 exceeds max=3.000D-01 adjusted using Lamda=-6.185D-01.
 Angle between NR and scaled steps=  22.86 degrees.
 Angle between quadratic step and forces=  13.33 degrees.
 Linear search not attempted -- first point.
 B after Tr=    -0.006676    0.005924   -0.000770
         Rot=    0.999999   -0.000900   -0.001019    0.000501 Ang=  -0.17 deg.
 Variable       Old X    -DE/DX   Delta X   Delta X   Delta X     New X
                                 (Linear)    (Quad)   (Total)
    X1        5.15808  -0.13404   0.00000  -0.13397  -0.12901   5.02907
    Y1        3.53633   0.11906   0.00000   0.12261   0.11645   3.65277
    Z1        3.92961  -0.01478   0.00000  -0.01167  -0.01612   3.91348
    X2       -1.99481   0.00154   0.00000   0.00121   0.00210  -1.99271
    Y2       -1.92871   0.04282   0.00000   0.02606   0.02561  -1.90310
    Z2        4.72493  -0.12230   0.00000  -0.07572  -0.07586   4.64907
    X3       -1.97150  -0.00151   0.00000   0.00016  -0.00180  -1.97330
    Y3       -1.28320  -0.04280   0.00000  -0.02776  -0.02519  -1.30838
    Z3        2.88203   0.12232   0.00000   0.07511   0.07600   2.95802
    X4        2.90909   0.16769   0.00000   0.15298   0.15992   3.06901
    Y4        5.76789  -0.17798   0.00000  -0.13473  -0.13892   5.62897
    Z4        3.89299   0.05445   0.00000   0.01769   0.02079   3.91377
    X5        3.31365  -0.02454   0.00000  -0.03519  -0.02357   3.29008
    Y5        6.10419   0.02396   0.00000   0.02697   0.01888   6.12307
    Z5        5.97164  -0.01748   0.00000  -0.01163  -0.00809   5.96355
    X6        2.96861  -0.00914   0.00000  -0.01274  -0.00764   2.96096
    Y6        7.00133   0.03494   0.00000   0.00441   0.00317   7.00450
    Z6        2.33302  -0.02221   0.00000  -0.00250   0.00329   2.33631
         Item               Value     Threshold  Converged?
 Maximum Force            0.177979     0.000450     NO 
 RMS     Force            0.085631     0.000300     NO 
 Maximum Displacement     0.159922     0.001800     NO 
 RMS     Displacement     0.070574     0.001200     NO 
 Predicted change in Energy=-8.091673D-02
 GradGradGradGradGradGradGradGradGradGradGradGradGradGradGradGradGradGrad

 Unable to Open any file for archive entry.
 1\1\GINC-BLUEHIVE\Force\RwB97XD\STO-3G\C2H4\BWEIGHT\07-Jan-2023\0\\# W
 B97XD/STO-3G SCF=XQC FORCE nosym pop=full\\MD Step 999\\0,1\C,2.729538
 42,1.87134338,2.07945838\H,-1.05560613,-1.02062931,2.50032533\H,-1.043
 27178,-0.67903808,1.52510196\C,1.53942355,3.05223369,2.06007944\H,1.75
 350845,3.23019869,3.16005581\H,1.57091915,3.70494375,1.23458137\\Versi
 on=ES64L-G16RevC.01\HF=-77.262334\RMSD=2.198e-09\RMSF=8.563e-02\Dipole
 =0.0830103,0.2757084,-0.007635\Quadrupole=-1.6584327,1.1118444,0.54658
 83,1.9827307,0.2316743,0.7917826\PG=C01 [X(C2H4)]\\@
 The archive entry for this job was punched.


 I SUPPOSE A BABY LLAMA HAS A MMAMA AND A PPOPA.
     -- RICHARD AMOUR
 Job cpu time:       0 days  0 hours  0 minutes  8.3 seconds.
 Elapsed time:       0 days  0 hours  0 minutes 17.7 seconds.
 File lengths (MBytes):  RWF=    272 Int=      0 D2E=      0 Chk=     32 Scr=     32
 Normal termination of Gaussian 16 at Sat Jan  7 19:10:34 2023.
